2026-04-23 14:35:32 [INFO] Loaded 611 raw traces
2026-04-23 14:35:32 [INFO] [trace_0] Quality score: 0.70
2026-04-23 14:35:32 [INFO] [trace_1] Quality score: 0.71
2026-04-23 14:35:32 [INFO] [trace_1] Error class: syntax_error
2026-04-23 14:35:32 [INFO] [trace_2] Quality score: 0.71
2026-04-23 14:35:32 [INFO] [trace_2] Error class: syntax_error
2026-04-23 14:35:32 [INFO] [trace_3] Quality score: 0.41
2026-04-23 14:35:32 [INFO] [trace_4] Quality score: 0.57
2026-04-23 14:35:32 [INFO] [trace_4] Error class: syntax_error
2026-04-23 14:35:32 [INFO] [trace_5] Quality score: 0.78
2026-04-23 14:35:32 [INFO] [trace_5] Error class: tool_failure
2026-04-23 14:35:32 [INFO] [trace_6] Quality score: 0.50
2026-04-23 14:35:32 [INFO] [trace_7] Quality score: 0.72
2026-04-23 14:35:32 [INFO] [trace_7] Error class: reasoning_error
2026-04-23 14:35:32 [INFO] [trace_8] Quality score: 0.70
2026-04-23 14:35:32 [INFO] [trace_9] Quality score: 0.71
2026-04-23 14:35:32 [INFO] [trace_10] Quality score: 0.70
2026-04-23 14:35:32 [INFO] [trace_10] Error class: syntax_error
2026-04-23 14:35:32 [INFO] [trace_11] Quality score: 0.49
2026-04-23 14:35:32 [INFO] [trace_12] Quality score: 0.70
2026-04-23 14:35:32 [INFO] [trace_12] Error class: tool_failure
2026-04-23 14:35:32 [INFO] [trace_13] Quality score: 0.71
2026-04-23 14:35:32 [INFO] [trace_13] Error class: syntax_error
2026-04-23 14:35:32 [INFO] [trace_14] Quality score: 0.71
2026-04-23 14:35:32 [INFO] [trace_15] Quality score: 0.70
2026-04-23 14:35:32 [INFO] [trace_15] Error class: syntax_error
2026-04-23 14:35:32 [INFO] [trace_16] Quality score: 0.71
2026-04-23 14:35:32 [INFO] [trace_16] Error class: syntax_error
2026-04-23 14:35:32 [INFO] [trace_17] Quality score: 0.70
2026-04-23 14:35:32 [INFO] [trace_18] Quality score: 0.71
2026-04-23 14:35:32 [INFO] [trace_18] Error class: tool_failure
2026-04-23 14:35:32 [INFO] [trace_19] Quality score: 0.70
2026-04-23 14:35:32 [INFO] [trace_19] Error class: syntax_error
2026-04-23 14:35:32 [INFO] [trace_20] Quality score: 0.76
2026-04-23 14:35:32 [INFO] [trace_20] Error class: syntax_error
2026-04-23 14:35:32 [INFO] [trace_21] Quality score: 0.71
2026-04-23 14:35:32 [INFO] [trace_21] Error class: syntax_error
2026-04-23 14:35:32 [INFO] [trace_22] Quality score: 0.72
2026-04-23 14:35:32 [INFO] [trace_22] Error class: syntax_error
2026-04-23 14:35:32 [INFO] [trace_23] Quality score: 0.72
2026-04-23 14:35:32 [INFO] [trace_23] Error class: syntax_error
2026-04-23 14:35:32 [INFO] [trace_24] Quality score: 0.70
2026-04-23 14:35:32 [INFO] [trace_24] Error class: timeout_stall
2026-04-23 14:35:33 [INFO] [trace_25] Quality score: 0.86
2026-04-23 14:35:33 [INFO] [trace_26] Quality score: 0.41
2026-04-23 14:35:33 [INFO] [trace_27] Quality score: 0.70
2026-04-23 14:35:33 [INFO] [trace_27] Error class: syntax_error
2026-04-23 14:35:33 [INFO] [trace_28] Quality score: 0.70
2026-04-23 14:35:33 [INFO] [trace_28] Error class: syntax_error
2026-04-23 14:35:33 [INFO] [trace_29] Quality score: 0.68
2026-04-23 14:35:33 [INFO] [trace_30] Quality score: 0.40
2026-04-23 14:35:33 [INFO] [trace_31] Quality score: 0.70
2026-04-23 14:35:33 [INFO] [trace_31] Error class: syntax_error
2026-04-23 14:35:33 [INFO] [trace_32] Quality score: 0.77
2026-04-23 14:35:33 [INFO] [trace_33] Quality score: 0.72
2026-04-23 14:35:33 [INFO] [trace_33] Error class: syntax_error
2026-04-23 14:35:33 [INFO] [trace_34] Quality score: 0.72
2026-04-23 14:35:33 [INFO] [trace_34] Error class: timeout_stall
2026-04-23 14:35:33 [INFO] [trace_35] Quality score: 0.52
2026-04-23 14:35:33 [INFO] [trace_36] Quality score: 0.43
2026-04-23 14:35:33 [INFO] [trace_37] Quality score: 0.72
2026-04-23 14:35:33 [INFO] [trace_37] Error class: tool_failure
2026-04-23 14:35:33 [INFO] [trace_38] Quality score: 0.73
2026-04-23 14:35:33 [INFO] [trace_39] Quality score: 0.69
2026-04-23 14:35:33 [INFO] [trace_39] Error class: syntax_error
2026-04-23 14:35:33 [INFO] [trace_40] Quality score: 0.71
2026-04-23 14:35:33 [INFO] [trace_41] Quality score: 0.70
2026-04-23 14:35:33 [INFO] [trace_41] Error class: tool_failure
2026-04-23 14:35:33 [INFO] [trace_42] Quality score: 0.71
2026-04-23 14:35:33 [INFO] [trace_43] Quality score: 0.71
2026-04-23 14:35:33 [INFO] [trace_44] Quality score: 0.71
2026-04-23 14:35:33 [INFO] [trace_44] Error class: timeout_stall
2026-04-23 14:35:33 [INFO] [trace_45] Quality score: 0.49
2026-04-23 14:35:33 [INFO] [trace_46] Quality score: 0.56
2026-04-23 14:35:34 [INFO] [trace_47] Quality score: 0.70
2026-04-23 14:35:34 [INFO] [trace_47] Error class: syntax_error
2026-04-23 14:35:34 [INFO] [trace_48] Quality score: 0.70
2026-04-23 14:35:34 [INFO] [trace_48] Error class: syntax_error
2026-04-23 14:35:34 [INFO] [trace_49] Quality score: 0.55
2026-04-23 14:35:34 [INFO] [trace_50] Quality score: 0.56
2026-04-23 14:35:34 [INFO] [trace_51] Quality score: 0.61
2026-04-23 14:35:34 [INFO] [trace_51] Error class: syntax_error
2026-04-23 14:35:34 [INFO] [trace_52] Quality score: 0.59
2026-04-23 14:35:34 [INFO] [trace_53] Quality score: 0.72
2026-04-23 14:35:34 [INFO] [trace_53] Error class: syntax_error
2026-04-23 14:35:34 [INFO] [trace_54] Quality score: 0.69
2026-04-23 14:35:34 [INFO] [trace_55] Quality score: 0.70
2026-04-23 14:35:34 [INFO] [trace_56] Quality score: 0.70
2026-04-23 14:35:34 [INFO] [trace_56] Error class: syntax_error
2026-04-23 14:35:34 [INFO] [trace_57] Quality score: 0.70
2026-04-23 14:35:34 [INFO] [trace_57] Error class: syntax_error
2026-04-23 14:35:34 [INFO] [trace_58] Quality score: 0.77
2026-04-23 14:35:34 [INFO] [trace_58] Error class: syntax_error
2026-04-23 14:35:34 [INFO] [trace_59] Quality score: 0.71
2026-04-23 14:35:34 [INFO] [trace_59] Error class: reasoning_error
2026-04-23 14:35:34 [INFO] [trace_60] Quality score: 0.69
2026-04-23 14:35:34 [INFO] [trace_60] Error class: syntax_error
2026-04-23 14:35:34 [INFO] [trace_61] Quality score: 0.71
2026-04-23 14:35:34 [INFO] [trace_61] Error class: syntax_error
2026-04-23 14:35:34 [INFO] [trace_62] Quality score: 0.74
2026-04-23 14:35:34 [INFO] [trace_62] Error class: syntax_error
2026-04-23 14:35:35 [INFO] [trace_63] Quality score: 0.66
2026-04-23 14:35:35 [INFO] [trace_63] Error class: timeout_stall
2026-04-23 14:35:35 [INFO] [trace_64] Quality score: 0.49
2026-04-23 14:35:35 [INFO] [trace_65] Quality score: 0.50
2026-04-23 14:35:35 [INFO] [trace_66] Quality score: 0.74
2026-04-23 14:35:35 [INFO] [trace_67] Quality score: 0.72
2026-04-23 14:35:35 [INFO] [trace_67] Error class: syntax_error
2026-04-23 14:35:35 [INFO] [trace_68] Quality score: 0.72
2026-04-23 14:35:35 [INFO] [trace_69] Quality score: 0.69
2026-04-23 14:35:35 [INFO] [trace_70] Quality score: 0.68
2026-04-23 14:35:35 [INFO] [trace_71] Quality score: 0.77
2026-04-23 14:35:35 [INFO] [trace_71] Error class: timeout_stall
2026-04-23 14:35:35 [INFO] [trace_72] Quality score: 0.70
2026-04-23 14:35:35 [INFO] [trace_73] Quality score: 0.71
2026-04-23 14:35:35 [INFO] [trace_73] Error class: syntax_error
2026-04-23 14:35:36 [INFO] [trace_74] Quality score: 0.62
2026-04-23 14:35:36 [INFO] [trace_75] Quality score: 0.42
2026-04-23 14:35:36 [INFO] [trace_76] Quality score: 0.70
2026-04-23 14:35:36 [INFO] [trace_76] Error class: syntax_error
2026-04-23 14:35:36 [INFO] [trace_77] Quality score: 0.67
2026-04-23 14:35:36 [INFO] [trace_77] Error class: syntax_error
2026-04-23 14:35:36 [INFO] [trace_78] Quality score: 0.65
2026-04-23 14:35:36 [INFO] [trace_79] Quality score: 0.49
2026-04-23 14:35:36 [INFO] [trace_80] Quality score: 0.76
2026-04-23 14:35:36 [INFO] [trace_80] Error class: timeout_stall
2026-04-23 14:35:36 [INFO] [trace_81] Quality score: 0.60
2026-04-23 14:35:36 [INFO] [trace_82] Quality score: 0.71
2026-04-23 14:35:36 [INFO] [trace_82] Error class: syntax_error
2026-04-23 14:35:36 [INFO] [trace_83] Quality score: 0.70
2026-04-23 14:35:36 [INFO] [trace_83] Error class: syntax_error
2026-04-23 14:35:36 [INFO] [trace_84] Quality score: 0.73
2026-04-23 14:35:36 [INFO] [trace_84] Error class: reasoning_error
2026-04-23 14:35:36 [INFO] [trace_85] Quality score: 0.71
2026-04-23 14:35:36 [INFO] [trace_86] Quality score: 0.70
2026-04-23 14:35:36 [INFO] [trace_86] Error class: syntax_error
2026-04-23 14:35:37 [INFO] [trace_87] Quality score: 0.71
2026-04-23 14:35:37 [INFO] [trace_87] Error class: syntax_error
2026-04-23 14:35:37 [INFO] [trace_88] Quality score: 0.71
2026-04-23 14:35:37 [INFO] [trace_88] Error class: syntax_error
2026-04-23 14:35:37 [INFO] [trace_89] Quality score: 0.71
2026-04-23 14:35:37 [INFO] [trace_89] Error class: syntax_error
2026-04-23 14:35:37 [INFO] [trace_90] Quality score: 0.72
2026-04-23 14:35:37 [INFO] [trace_90] Error class: syntax_error
2026-04-23 14:35:37 [INFO] [trace_91] Quality score: 0.71
2026-04-23 14:35:37 [INFO] [trace_92] Quality score: 0.66
2026-04-23 14:35:37 [INFO] [trace_92] Error class: syntax_error
2026-04-23 14:35:37 [INFO] [trace_93] Quality score: 0.77
2026-04-23 14:35:37 [INFO] [trace_93] Error class: reasoning_error
2026-04-23 14:35:37 [INFO] [trace_94] Quality score: 0.41
2026-04-23 14:35:38 [INFO] [trace_95] Quality score: 0.43
2026-04-23 14:35:38 [INFO] [trace_96] Quality score: 0.71
2026-04-23 14:35:38 [INFO] [trace_96] Error class: syntax_error
2026-04-23 14:35:38 [INFO] [trace_97] Quality score: 0.70
2026-04-23 14:35:38 [INFO] [trace_97] Error class: syntax_error
2026-04-23 14:35:38 [INFO] [trace_98] Quality score: 0.57
2026-04-23 14:35:38 [INFO] [trace_99] Quality score: 0.65
2026-04-23 14:35:38 [INFO] [trace_100] Quality score: 0.78
2026-04-23 14:35:38 [INFO] [trace_100] Error class: syntax_error
2026-04-23 14:35:38 [INFO] [trace_101] Quality score: 0.71
2026-04-23 14:35:38 [INFO] [trace_102] Quality score: 0.72
2026-04-23 14:35:38 [INFO] [trace_102] Error class: syntax_error
2026-04-23 14:35:38 [INFO] [trace_103] Quality score: 0.70
2026-04-23 14:35:38 [INFO] [trace_103] Error class: syntax_error
2026-04-23 14:35:38 [INFO] [trace_104] Quality score: 0.43
2026-04-23 14:35:39 [INFO] [trace_105] Quality score: 0.71
2026-04-23 14:35:39 [INFO] [trace_105] Error class: syntax_error
2026-04-23 14:35:39 [INFO] [trace_106] Quality score: 0.48
2026-04-23 14:35:39 [INFO] [trace_107] Quality score: 0.71
2026-04-23 14:35:39 [INFO] [trace_108] Quality score: 0.48
2026-04-23 14:35:39 [INFO] [trace_109] Quality score: 0.54
2026-04-23 14:35:39 [INFO] [trace_110] Quality score: 0.71
2026-04-23 14:35:39 [INFO] [trace_111] Quality score: 0.59
2026-04-23 14:35:39 [INFO] [trace_112] Quality score: 0.55
2026-04-23 14:35:39 [INFO] [trace_113] Quality score: 0.67
2026-04-23 14:35:39 [INFO] [trace_114] Quality score: 0.43
2026-04-23 14:35:39 [INFO] [trace_115] Quality score: 0.72
2026-04-23 14:35:39 [INFO] [trace_115] Error class: syntax_error
2026-04-23 14:35:39 [INFO] [trace_116] Quality score: 0.71
2026-04-23 14:35:39 [INFO] [trace_116] Error class: syntax_error
2026-04-23 14:35:40 [INFO] [trace_117] Quality score: 0.43
2026-04-23 14:35:40 [INFO] [trace_118] Quality score: 0.70
2026-04-23 14:35:40 [INFO] [trace_118] Error class: syntax_error
2026-04-23 14:35:40 [INFO] [trace_119] Quality score: 0.75
2026-04-23 14:35:40 [INFO] [trace_119] Error class: syntax_error
2026-04-23 14:35:40 [INFO] [trace_120] Quality score: 0.70
2026-04-23 14:35:40 [INFO] [trace_120] Error class: syntax_error
2026-04-23 14:35:40 [INFO] [trace_121] Quality score: 0.70
2026-04-23 14:35:40 [INFO] [trace_121] Error class: syntax_error
2026-04-23 14:35:40 [INFO] [trace_122] Quality score: 0.50
2026-04-23 14:35:40 [INFO] [trace_123] Quality score: 0.70
2026-04-23 14:35:40 [INFO] [trace_123] Error class: syntax_error
2026-04-23 14:35:41 [INFO] [trace_124] Quality score: 0.70
2026-04-23 14:35:41 [INFO] [trace_124] Error class: syntax_error
2026-04-23 14:35:41 [INFO] [trace_125] Quality score: 0.70
2026-04-23 14:35:41 [INFO] [trace_125] Error class: syntax_error
2026-04-23 14:35:41 [INFO] [trace_126] Quality score: 0.70
2026-04-23 14:35:41 [INFO] [trace_126] Error class: syntax_error
2026-04-23 14:35:41 [INFO] [trace_127] Quality score: 0.70
2026-04-23 14:35:41 [INFO] [trace_127] Error class: syntax_error
2026-04-23 14:35:41 [INFO] [trace_128] Quality score: 0.73
2026-04-23 14:35:41 [INFO] [trace_128] Error class: syntax_error
2026-04-23 14:35:42 [INFO] [trace_129] Quality score: 0.42
2026-04-23 14:35:42 [INFO] [trace_130] Quality score: 0.75
2026-04-23 14:35:42 [INFO] [trace_130] Error class: reasoning_error
2026-04-23 14:35:42 [INFO] [trace_131] Quality score: 0.51
2026-04-23 14:35:42 [INFO] [trace_132] Quality score: 0.41
2026-04-23 14:35:42 [INFO] [trace_133] Quality score: 0.45
2026-04-23 14:35:42 [INFO] [trace_134] Quality score: 0.51
2026-04-23 14:35:42 [INFO] [trace_135] Quality score: 0.41
2026-04-23 14:35:42 [INFO] [trace_136] Quality score: 0.44
2026-04-23 14:35:42 [INFO] [trace_137] Quality score: 0.43
2026-04-23 14:35:42 [INFO] [trace_138] Quality score: 0.68
2026-04-23 14:35:42 [INFO] [trace_138] Error class: timeout_stall
2026-04-23 14:35:42 [INFO] [trace_139] Quality score: 0.54
2026-04-23 14:35:42 [INFO] [trace_140] Quality score: 0.70
2026-04-23 14:35:42 [INFO] [trace_140] Error class: syntax_error
2026-04-23 14:35:43 [INFO] [trace_141] Quality score: 0.51
2026-04-23 14:35:43 [INFO] [trace_141] Error class: syntax_error
2026-04-23 14:35:43 [INFO] [trace_142] Quality score: 0.73
2026-04-23 14:35:43 [INFO] [trace_142] Error class: reasoning_error
2026-04-23 14:35:43 [INFO] [trace_143] Quality score: 0.78
2026-04-23 14:35:43 [INFO] [trace_143] Error class: reasoning_error
2026-04-23 14:35:43 [INFO] [trace_144] Quality score: 0.71
2026-04-23 14:35:43 [INFO] [trace_144] Error class: syntax_error
2026-04-23 14:35:43 [INFO] [trace_145] Quality score: 0.70
2026-04-23 14:35:43 [INFO] [trace_145] Error class: syntax_error
2026-04-23 14:35:43 [INFO] [trace_146] Quality score: 0.73
2026-04-23 14:35:43 [INFO] [trace_146] Error class: reasoning_error
2026-04-23 14:35:44 [INFO] [trace_147] Quality score: 0.77
2026-04-23 14:35:44 [INFO] [trace_148] Quality score: 0.72
2026-04-23 14:35:44 [INFO] [trace_149] Quality score: 0.77
2026-04-23 14:35:44 [INFO] [trace_150] Quality score: 0.70
2026-04-23 14:35:44 [INFO] [trace_150] Error class: syntax_error
2026-04-23 14:35:44 [INFO] [trace_151] Quality score: 0.47
2026-04-23 14:35:44 [INFO] [trace_152] Quality score: 0.50
2026-04-23 14:35:45 [INFO] [trace_153] Quality score: 0.70
2026-04-23 14:35:45 [INFO] [trace_153] Error class: syntax_error
2026-04-23 14:35:45 [INFO] [trace_154] Quality score: 0.71
2026-04-23 14:35:45 [INFO] [trace_154] Error class: syntax_error
2026-04-23 14:35:45 [INFO] [trace_155] Quality score: 0.71
2026-04-23 14:35:45 [INFO] [trace_156] Quality score: 0.70
2026-04-23 14:35:45 [INFO] [trace_156] Error class: syntax_error
2026-04-23 14:35:45 [INFO] [trace_157] Quality score: 0.63
2026-04-23 14:35:45 [INFO] [trace_158] Quality score: 0.71
2026-04-23 14:35:45 [INFO] [trace_158] Error class: syntax_error
2026-04-23 14:35:46 [INFO] [trace_159] Quality score: 0.68
2026-04-23 14:35:46 [INFO] [trace_160] Quality score: 0.61
2026-04-23 14:35:46 [INFO] [trace_161] Quality score: 0.77
2026-04-23 14:35:46 [INFO] [trace_161] Error class: reasoning_error
2026-04-23 14:35:46 [INFO] [trace_162] Quality score: 0.70
2026-04-23 14:35:46 [INFO] [trace_162] Error class: syntax_error
2026-04-23 14:35:46 [INFO] [trace_163] Quality score: 0.70
2026-04-23 14:35:46 [INFO] [trace_163] Error class: syntax_error
2026-04-23 14:35:46 [INFO] [trace_164] Quality score: 0.77
2026-04-23 14:35:46 [INFO] [trace_164] Error class: syntax_error
2026-04-23 14:35:47 [INFO] [trace_165] Quality score: 0.77
2026-04-23 14:35:47 [INFO] [trace_165] Error class: syntax_error
2026-04-23 14:35:47 [INFO] [trace_166] Quality score: 0.62
2026-04-23 14:35:47 [INFO] [trace_166] Error class: syntax_error
2026-04-23 14:35:47 [INFO] [trace_167] Quality score: 0.73
2026-04-23 14:35:47 [INFO] [trace_168] Quality score: 0.71
2026-04-23 14:35:47 [INFO] [trace_168] Error class: syntax_error
2026-04-23 14:35:47 [INFO] [trace_169] Quality score: 0.70
2026-04-23 14:35:48 [INFO] [trace_170] Quality score: 0.71
2026-04-23 14:35:48 [INFO] [trace_170] Error class: syntax_error
2026-04-23 14:35:48 [INFO] [trace_171] Quality score: 0.64
2026-04-23 14:35:48 [INFO] [trace_172] Quality score: 0.71
2026-04-23 14:35:48 [INFO] [trace_172] Error class: syntax_error
2026-04-23 14:35:48 [INFO] [trace_173] Quality score: 0.73
2026-04-23 14:35:48 [INFO] [trace_173] Error class: syntax_error
2026-04-23 14:35:49 [INFO] [trace_174] Quality score: 0.70
2026-04-23 14:35:49 [INFO] [trace_175] Quality score: 0.56
2026-04-23 14:35:49 [INFO] [trace_176] Quality score: 0.78
2026-04-23 14:35:49 [INFO] [trace_176] Error class: syntax_error
2026-04-23 14:35:49 [INFO] [trace_177] Quality score: 0.50
2026-04-23 14:35:49 [INFO] [trace_178] Quality score: 0.42
2026-04-23 14:35:49 [INFO] [trace_179] Quality score: 0.72
2026-04-23 14:35:49 [INFO] [trace_179] Error class: syntax_error
2026-04-23 14:35:50 [INFO] [trace_180] Quality score: 0.72
2026-04-23 14:35:50 [INFO] [trace_180] Error class: reasoning_error
2026-04-23 14:35:50 [INFO] [trace_181] Quality score: 0.72
2026-04-23 14:35:50 [INFO] [trace_181] Error class: reasoning_error
2026-04-23 14:35:50 [INFO] [trace_182] Quality score: 0.70
2026-04-23 14:35:50 [INFO] [trace_182] Error class: tool_failure
2026-04-23 14:35:51 [INFO] [trace_183] Quality score: 0.77
2026-04-23 14:35:51 [INFO] [trace_184] Quality score: 0.75
2026-04-23 14:35:51 [INFO] [trace_185] Quality score: 0.71
2026-04-23 14:35:51 [INFO] [trace_185] Error class: syntax_error
2026-04-23 14:35:51 [INFO] [trace_186] Quality score: 0.65
2026-04-23 14:35:51 [INFO] [trace_187] Quality score: 0.71
2026-04-23 14:35:52 [INFO] [trace_188] Quality score: 0.71
2026-04-23 14:35:52 [INFO] [trace_188] Error class: syntax_error
2026-04-23 14:35:52 [INFO] [trace_189] Quality score: 0.62
2026-04-23 14:35:52 [INFO] [trace_189] Error class: syntax_error
2026-04-23 14:35:52 [INFO] [trace_190] Quality score: 0.55
2026-04-23 14:35:52 [INFO] [trace_191] Quality score: 0.71
2026-04-23 14:35:52 [INFO] [trace_192] Quality score: 0.71
2026-04-23 14:35:52 [INFO] [trace_192] Error class: syntax_error
2026-04-23 14:35:53 [INFO] [trace_193] Quality score: 0.70
2026-04-23 14:35:53 [INFO] [trace_194] Quality score: 0.71
2026-04-23 14:35:53 [INFO] [trace_194] Error class: syntax_error
2026-04-23 14:35:53 [INFO] [trace_195] Quality score: 0.70
2026-04-23 14:35:53 [INFO] [trace_196] Quality score: 0.76
2026-04-23 14:35:53 [INFO] [trace_196] Error class: reasoning_error
2026-04-23 14:35:53 [INFO] [trace_197] Quality score: 0.49
2026-04-23 14:35:54 [INFO] [trace_198] Quality score: 0.46
2026-04-23 14:35:54 [INFO] [trace_199] Quality score: 0.51
2026-04-23 14:35:54 [INFO] [trace_200] Quality score: 0.70
2026-04-23 14:35:54 [INFO] [trace_201] Quality score: 0.71
2026-04-23 14:35:54 [INFO] [trace_201] Error class: syntax_error
2026-04-23 14:35:54 [INFO] [trace_202] Quality score: 0.71
2026-04-23 14:35:54 [INFO] [trace_202] Error class: syntax_error
2026-04-23 14:35:54 [INFO] [trace_203] Quality score: 0.71
2026-04-23 14:35:54 [INFO] [trace_203] Error class: reasoning_error
2026-04-23 14:35:55 [INFO] [trace_204] Quality score: 0.71
2026-04-23 14:35:55 [INFO] [trace_204] Error class: syntax_error
2026-04-23 14:35:55 [INFO] [trace_205] Quality score: 0.70
2026-04-23 14:35:55 [INFO] [trace_205] Error class: syntax_error
2026-04-23 14:35:55 [INFO] [trace_206] Quality score: 0.73
2026-04-23 14:35:55 [INFO] [trace_207] Quality score: 0.71
2026-04-23 14:35:55 [INFO] [trace_207] Error class: syntax_error
2026-04-23 14:35:56 [INFO] [trace_208] Quality score: 0.70
2026-04-23 14:35:56 [INFO] [trace_208] Error class: syntax_error
2026-04-23 14:35:56 [INFO] [trace_209] Quality score: 0.72
2026-04-23 14:35:56 [INFO] [trace_210] Quality score: 0.77
2026-04-23 14:35:56 [INFO] [trace_211] Quality score: 0.71
2026-04-23 14:35:56 [INFO] [trace_211] Error class: syntax_error
2026-04-23 14:35:57 [INFO] [trace_212] Quality score: 0.71
2026-04-23 14:35:57 [INFO] [trace_212] Error class: syntax_error
2026-04-23 14:35:57 [INFO] [trace_213] Quality score: 0.71
2026-04-23 14:35:57 [INFO] [trace_213] Error class: syntax_error
2026-04-23 14:35:57 [INFO] [trace_214] Quality score: 0.48
2026-04-23 14:35:57 [INFO] [trace_215] Quality score: 0.44
2026-04-23 14:35:57 [INFO] [trace_216] Quality score: 0.71
2026-04-23 14:35:57 [INFO] [trace_216] Error class: syntax_error
2026-04-23 14:35:58 [INFO] [trace_217] Quality score: 0.78
2026-04-23 14:35:58 [INFO] [trace_217] Error class: syntax_error
2026-04-23 14:35:58 [INFO] [trace_218] Quality score: 0.71
2026-04-23 14:35:58 [INFO] [trace_218] Error class: syntax_error
2026-04-23 14:35:58 [INFO] [trace_219] Quality score: 0.51
2026-04-23 14:35:58 [INFO] [trace_220] Quality score: 0.71
2026-04-23 14:35:58 [INFO] [trace_220] Error class: syntax_error
2026-04-23 14:35:59 [INFO] [trace_221] Quality score: 0.48
2026-04-23 14:35:59 [INFO] [trace_222] Quality score: 0.77
2026-04-23 14:35:59 [INFO] [trace_222] Error class: syntax_error
2026-04-23 14:35:59 [INFO] [trace_223] Quality score: 0.57
2026-04-23 14:35:59 [INFO] [trace_223] Error class: reasoning_error
2026-04-23 14:35:59 [INFO] [trace_224] Quality score: 0.72
2026-04-23 14:35:59 [INFO] [trace_224] Error class: reasoning_error
2026-04-23 14:35:59 [INFO] [trace_225] Quality score: 0.72
2026-04-23 14:35:59 [INFO] [trace_225] Error class: syntax_error
2026-04-23 14:36:00 [INFO] [trace_226] Quality score: 0.70
2026-04-23 14:36:00 [INFO] [trace_226] Error class: syntax_error
2026-04-23 14:36:00 [INFO] [trace_227] Quality score: 0.81
2026-04-23 14:36:00 [INFO] [trace_228] Quality score: 0.78
2026-04-23 14:36:00 [INFO] [trace_229] Quality score: 0.74
2026-04-23 14:36:01 [INFO] [trace_230] Quality score: 0.71
2026-04-23 14:36:01 [INFO] [trace_230] Error class: syntax_error
2026-04-23 14:36:01 [INFO] [trace_231] Quality score: 0.71
2026-04-23 14:36:01 [INFO] [trace_232] Quality score: 0.41
2026-04-23 14:36:01 [INFO] [trace_233] Quality score: 0.46
2026-04-23 14:36:01 [INFO] [trace_234] Quality score: 0.42
2026-04-23 14:36:01 [INFO] [trace_235] Quality score: 0.71
2026-04-23 14:36:01 [INFO] [trace_235] Error class: syntax_error
2026-04-23 14:36:02 [INFO] [trace_236] Quality score: 0.45
2026-04-23 14:36:02 [INFO] [trace_237] Quality score: 0.70
2026-04-23 14:36:02 [INFO] [trace_237] Error class: syntax_error
2026-04-23 14:36:02 [INFO] [trace_238] Quality score: 0.73
2026-04-23 14:36:02 [INFO] [trace_238] Error class: syntax_error
2026-04-23 14:36:02 [INFO] [trace_239] Quality score: 0.72
2026-04-23 14:36:02 [INFO] [trace_239] Error class: reasoning_error
2026-04-23 14:36:03 [INFO] [trace_240] Quality score: 0.76
2026-04-23 14:36:03 [INFO] [trace_240] Error class: timeout_stall
2026-04-23 14:36:03 [INFO] [trace_241] Quality score: 0.49
2026-04-23 14:36:03 [INFO] [trace_242] Quality score: 0.60
2026-04-23 14:36:03 [INFO] [trace_243] Quality score: 0.70
2026-04-23 14:36:03 [INFO] [trace_243] Error class: syntax_error
2026-04-23 14:36:04 [INFO] [trace_244] Quality score: 0.44
2026-04-23 14:36:04 [INFO] [trace_245] Quality score: 0.70
2026-04-23 14:36:04 [INFO] [trace_245] Error class: syntax_error
2026-04-23 14:36:04 [INFO] [trace_246] Quality score: 0.72
2026-04-23 14:36:04 [INFO] [trace_247] Quality score: 0.72
2026-04-23 14:36:04 [INFO] [trace_247] Error class: syntax_error
2026-04-23 14:36:05 [INFO] [trace_248] Quality score: 0.71
2026-04-23 14:36:05 [INFO] [trace_248] Error class: timeout_stall
2026-04-23 14:36:05 [INFO] [trace_249] Quality score: 0.43
2026-04-23 14:36:05 [INFO] [trace_250] Quality score: 0.76
2026-04-23 14:36:05 [INFO] [trace_251] Quality score: 0.42
2026-04-23 14:36:06 [INFO] [trace_252] Quality score: 0.69
2026-04-23 14:36:06 [INFO] [trace_252] Error class: timeout_stall
2026-04-23 14:36:06 [INFO] [trace_253] Quality score: 0.72
2026-04-23 14:36:06 [INFO] [trace_253] Error class: timeout_stall
2026-04-23 14:36:06 [INFO] [trace_254] Quality score: 0.77
2026-04-23 14:36:06 [INFO] [trace_254] Error class: reasoning_error
2026-04-23 14:36:06 [INFO] [trace_255] Quality score: 0.71
2026-04-23 14:36:06 [INFO] [trace_255] Error class: reasoning_error
2026-04-23 14:36:07 [INFO] [trace_256] Quality score: 0.72
2026-04-23 14:36:07 [INFO] [trace_256] Error class: syntax_error
2026-04-23 14:36:07 [INFO] [trace_257] Quality score: 0.71
2026-04-23 14:36:07 [INFO] [trace_257] Error class: syntax_error
2026-04-23 14:36:08 [INFO] [trace_258] Quality score: 0.55
2026-04-23 14:36:08 [INFO] [trace_259] Quality score: 0.71
2026-04-23 14:36:08 [INFO] [trace_260] Quality score: 0.70
2026-04-23 14:36:08 [INFO] [trace_260] Error class: syntax_error
2026-04-23 14:36:08 [INFO] [trace_261] Quality score: 0.72
2026-04-23 14:36:08 [INFO] [trace_261] Error class: syntax_error
2026-04-23 14:36:09 [INFO] [trace_262] Quality score: 0.76
2026-04-23 14:36:09 [INFO] [trace_263] Quality score: 0.71
2026-04-23 14:36:09 [INFO] [trace_263] Error class: syntax_error
2026-04-23 14:36:09 [INFO] [trace_264] Quality score: 0.70
2026-04-23 14:36:09 [INFO] [trace_264] Error class: syntax_error
2026-04-23 14:36:10 [INFO] [trace_265] Quality score: 0.50
2026-04-23 14:36:10 [INFO] [trace_266] Quality score: 0.78
2026-04-23 14:36:10 [INFO] [trace_266] Error class: syntax_error
2026-04-23 14:36:11 [INFO] [trace_267] Quality score: 0.68
2026-04-23 14:36:11 [INFO] [trace_267] Error class: timeout_stall
2026-04-23 14:36:11 [INFO] [trace_268] Quality score: 0.50
2026-04-23 14:36:11 [INFO] [trace_269] Quality score: 0.45
2026-04-23 14:36:11 [INFO] [trace_270] Quality score: 0.71
2026-04-23 14:36:11 [INFO] [trace_270] Error class: syntax_error
2026-04-23 14:36:12 [INFO] [trace_271] Quality score: 0.70
2026-04-23 14:36:12 [INFO] [trace_272] Quality score: 0.68
2026-04-23 14:36:12 [INFO] [trace_273] Quality score: 0.43
2026-04-23 14:36:12 [INFO] [trace_274] Quality score: 0.70
2026-04-23 14:36:12 [INFO] [trace_274] Error class: syntax_error
2026-04-23 14:36:13 [INFO] [trace_275] Quality score: 0.70
2026-04-23 14:36:13 [INFO] [trace_275] Error class: syntax_error
2026-04-23 14:36:13 [INFO] [trace_276] Quality score: 0.66
2026-04-23 14:36:13 [INFO] [trace_277] Quality score: 0.71
2026-04-23 14:36:13 [INFO] [trace_277] Error class: timeout_stall
2026-04-23 14:36:14 [INFO] [trace_278] Quality score: 0.48
2026-04-23 14:36:14 [INFO] [trace_279] Quality score: 0.72
2026-04-23 14:36:14 [INFO] [trace_279] Error class: syntax_error
2026-04-23 14:36:14 [INFO] [trace_280] Quality score: 0.71
2026-04-23 14:36:14 [INFO] [trace_280] Error class: timeout_stall
2026-04-23 14:36:14 [INFO] [trace_281] Quality score: 0.69
2026-04-23 14:36:15 [INFO] [trace_282] Quality score: 0.57
2026-04-23 14:36:15 [INFO] [trace_283] Quality score: 0.70
2026-04-23 14:36:15 [INFO] [trace_283] Error class: syntax_error
2026-04-23 14:36:15 [INFO] [trace_284] Quality score: 0.71
2026-04-23 14:36:15 [INFO] [trace_284] Error class: timeout_stall
2026-04-23 14:36:15 [INFO] [trace_285] Quality score: 0.69
2026-04-23 14:36:15 [INFO] [trace_285] Error class: syntax_error
2026-04-23 14:36:15 [INFO] [trace_286] Quality score: 0.45
2026-04-23 14:36:16 [INFO] [trace_287] Quality score: 0.74
2026-04-23 14:36:16 [INFO] [trace_287] Error class: timeout_stall
2026-04-23 14:36:16 [INFO] [trace_288] Quality score: 0.69
2026-04-23 14:36:16 [INFO] [trace_288] Error class: syntax_error
2026-04-23 14:36:16 [INFO] [trace_289] Quality score: 0.48
2026-04-23 14:36:16 [INFO] [trace_290] Quality score: 0.76
2026-04-23 14:36:16 [INFO] [trace_290] Error class: syntax_error
2026-04-23 14:36:17 [INFO] [trace_291] Quality score: 0.70
2026-04-23 14:36:17 [INFO] [trace_291] Error class: syntax_error
2026-04-23 14:36:17 [INFO] [trace_292] Quality score: 0.71
2026-04-23 14:36:17 [INFO] [trace_293] Quality score: 0.71
2026-04-23 14:36:17 [INFO] [trace_293] Error class: syntax_error
2026-04-23 14:36:18 [INFO] [trace_294] Quality score: 0.69
2026-04-23 14:36:18 [INFO] [trace_295] Quality score: 0.70
2026-04-23 14:36:18 [INFO] [trace_296] Quality score: 0.70
2026-04-23 14:36:19 [INFO] [trace_296] Error class: syntax_error
2026-04-23 14:36:19 [INFO] [trace_297] Quality score: 0.44
2026-04-23 14:36:19 [INFO] [trace_298] Quality score: 0.46
2026-04-23 14:36:19 [INFO] [trace_299] Quality score: 0.70
2026-04-23 14:36:19 [INFO] [trace_299] Error class: syntax_error
2026-04-23 14:36:20 [INFO] [trace_300] Quality score: 0.76
2026-04-23 14:36:20 [INFO] [trace_301] Quality score: 0.58
2026-04-23 14:36:20 [INFO] [trace_302] Quality score: 0.71
2026-04-23 14:36:20 [INFO] [trace_302] Error class: reasoning_error
2026-04-23 14:36:20 [INFO] [trace_303] Quality score: 0.44
2026-04-23 14:36:21 [INFO] [trace_304] Quality score: 0.67
2026-04-23 14:36:21 [INFO] [trace_305] Quality score: 0.70
2026-04-23 14:36:21 [INFO] [trace_306] Quality score: 0.71
2026-04-23 14:36:21 [INFO] [trace_306] Error class: syntax_error
2026-04-23 14:36:22 [INFO] [trace_307] Quality score: 0.71
2026-04-23 14:36:22 [INFO] [trace_307] Error class: syntax_error
2026-04-23 14:36:22 [INFO] [trace_308] Quality score: 0.70
2026-04-23 14:36:22 [INFO] [trace_308] Error class: syntax_error
2026-04-23 14:36:22 [INFO] [trace_309] Quality score: 0.71
2026-04-23 14:36:22 [INFO] [trace_309] Error class: reasoning_error
2026-04-23 14:36:23 [INFO] [trace_310] Quality score: 0.41
2026-04-23 14:36:23 [INFO] [trace_311] Quality score: 0.71
2026-04-23 14:36:23 [INFO] [trace_311] Error class: syntax_error
2026-04-23 14:36:23 [INFO] [trace_312] Quality score: 0.72
2026-04-23 14:36:24 [INFO] [trace_313] Quality score: 0.71
2026-04-23 14:36:24 [INFO] [trace_313] Error class: syntax_error
2026-04-23 14:36:24 [INFO] [trace_314] Quality score: 0.70
2026-04-23 14:36:24 [INFO] [trace_314] Error class: syntax_error
2026-04-23 14:36:24 [INFO] [trace_315] Quality score: 0.71
2026-04-23 14:36:24 [INFO] [trace_315] Error class: timeout_stall
2026-04-23 14:36:25 [INFO] [trace_316] Quality score: 0.56
2026-04-23 14:36:25 [INFO] [trace_317] Quality score: 0.71
2026-04-23 14:36:25 [INFO] [trace_318] Quality score: 0.70
2026-04-23 14:36:26 [INFO] [trace_319] Quality score: 0.77
2026-04-23 14:36:26 [INFO] [trace_319] Error class: timeout_stall
2026-04-23 14:36:26 [INFO] [trace_320] Quality score: 0.70
2026-04-23 14:36:26 [INFO] [trace_320] Error class: reasoning_error
2026-04-23 14:36:27 [INFO] [trace_321] Quality score: 0.70
2026-04-23 14:36:27 [INFO] [trace_321] Error class: syntax_error
2026-04-23 14:36:27 [INFO] [trace_322] Quality score: 0.63
2026-04-23 14:36:27 [INFO] [trace_322] Error class: syntax_error
2026-04-23 14:36:27 [INFO] [trace_323] Quality score: 0.70
2026-04-23 14:36:27 [INFO] [trace_323] Error class: syntax_error
2026-04-23 14:36:28 [INFO] [trace_324] Quality score: 0.70
2026-04-23 14:36:28 [INFO] [trace_324] Error class: syntax_error
2026-04-23 14:36:28 [INFO] [trace_325] Quality score: 0.53
2026-04-23 14:36:28 [INFO] [trace_326] Quality score: 0.71
2026-04-23 14:36:28 [INFO] [trace_326] Error class: syntax_error
2026-04-23 14:36:29 [INFO] [trace_327] Quality score: 0.69
2026-04-23 14:36:29 [INFO] [trace_328] Quality score: 0.77
2026-04-23 14:36:29 [INFO] [trace_328] Error class: syntax_error
2026-04-23 14:36:30 [INFO] [trace_329] Quality score: 0.70
2026-04-23 14:36:30 [INFO] [trace_329] Error class: syntax_error
2026-04-23 14:36:30 [INFO] [trace_330] Quality score: 0.72
2026-04-23 14:36:30 [INFO] [trace_330] Error class: timeout_stall
2026-04-23 14:36:31 [INFO] [trace_331] Quality score: 0.71
2026-04-23 14:36:31 [INFO] [trace_331] Error class: syntax_error
2026-04-23 14:36:31 [INFO] [trace_332] Quality score: 0.70
2026-04-23 14:36:31 [INFO] [trace_332] Error class: syntax_error
2026-04-23 14:36:32 [INFO] [trace_333] Quality score: 0.71
2026-04-23 14:36:32 [INFO] [trace_333] Error class: syntax_error
2026-04-23 14:36:32 [INFO] [trace_334] Quality score: 0.71
2026-04-23 14:36:32 [INFO] [trace_334] Error class: syntax_error
2026-04-23 14:36:33 [INFO] [trace_335] Quality score: 0.71
2026-04-23 14:36:33 [INFO] [trace_335] Error class: timeout_stall
2026-04-23 14:36:33 [INFO] [trace_336] Quality score: 0.71
2026-04-23 14:36:33 [INFO] [trace_336] Error class: syntax_error
2026-04-23 14:36:34 [INFO] [trace_337] Quality score: 0.70
2026-04-23 14:36:34 [INFO] [trace_337] Error class: syntax_error
2026-04-23 14:36:34 [INFO] [trace_338] Quality score: 0.71
2026-04-23 14:36:34 [INFO] [trace_338] Error class: syntax_error
2026-04-23 14:36:35 [INFO] [trace_339] Quality score: 0.70
2026-04-23 14:36:35 [INFO] [trace_339] Error class: timeout_stall
2026-04-23 14:36:35 [INFO] [trace_340] Quality score: 0.77
2026-04-23 14:36:35 [INFO] [trace_340] Error class: syntax_error
2026-04-23 14:36:36 [INFO] [trace_341] Quality score: 0.63
2026-04-23 14:36:36 [INFO] [trace_342] Quality score: 0.72
2026-04-23 14:36:36 [INFO] [trace_343] Quality score: 0.72
2026-04-23 14:36:36 [INFO] [trace_343] Error class: syntax_error
2026-04-23 14:36:37 [INFO] [trace_344] Quality score: 0.44
2026-04-23 14:36:37 [INFO] [trace_345] Quality score: 0.55
2026-04-23 14:36:37 [INFO] [trace_346] Quality score: 0.44
2026-04-23 14:36:37 [INFO] [trace_347] Quality score: 0.41
2026-04-23 14:36:38 [INFO] [trace_348] Quality score: 0.70
2026-04-23 14:36:38 [INFO] [trace_349] Quality score: 0.70
2026-04-23 14:36:38 [INFO] [trace_349] Error class: timeout_stall
2026-04-23 14:36:38 [INFO] [trace_350] Quality score: 0.77
2026-04-23 14:36:38 [INFO] [trace_350] Error class: syntax_error
2026-04-23 14:36:39 [INFO] [trace_351] Quality score: 0.53
2026-04-23 14:36:39 [INFO] [trace_352] Quality score: 0.67
2026-04-23 14:36:39 [INFO] [trace_353] Quality score: 0.44
2026-04-23 14:36:39 [INFO] [trace_354] Quality score: 0.70
2026-04-23 14:36:39 [INFO] [trace_354] Error class: syntax_error
2026-04-23 14:36:40 [INFO] [trace_355] Quality score: 0.61
2026-04-23 14:36:40 [INFO] [trace_355] Error class: syntax_error
2026-04-23 14:36:40 [INFO] [trace_356] Quality score: 0.48
2026-04-23 14:36:40 [INFO] [trace_357] Quality score: 0.63
2026-04-23 14:36:40 [INFO] [trace_358] Quality score: 0.69
2026-04-23 14:36:40 [INFO] [trace_359] Quality score: 0.71
2026-04-23 14:36:40 [INFO] [trace_359] Error class: tool_failure
2026-04-23 14:36:41 [INFO] [trace_360] Quality score: 0.68
2026-04-23 14:36:41 [INFO] [trace_360] Error class: tool_failure
2026-04-23 14:36:41 [INFO] [trace_361] Quality score: 0.76
2026-04-23 14:36:41 [INFO] [trace_361] Error class: syntax_error
2026-04-23 14:36:41 [INFO] [trace_362] Quality score: 0.68
2026-04-23 14:36:42 [INFO] [trace_363] Quality score: 0.53
2026-04-23 14:36:42 [INFO] [trace_364] Quality score: 0.52
2026-04-23 14:36:42 [INFO] [trace_365] Quality score: 0.77
2026-04-23 14:36:42 [INFO] [trace_365] Error class: reasoning_error
2026-04-23 14:36:43 [INFO] [trace_366] Quality score: 0.72
2026-04-23 14:36:43 [INFO] [trace_366] Error class: timeout_stall
2026-04-23 14:36:43 [INFO] [trace_367] Quality score: 0.49
2026-04-23 14:36:43 [INFO] [trace_368] Quality score: 0.71
2026-04-23 14:36:43 [INFO] [trace_368] Error class: reasoning_error
2026-04-23 14:36:44 [INFO] [trace_369] Quality score: 0.48
2026-04-23 14:36:44 [INFO] [trace_370] Quality score: 0.71
2026-04-23 14:36:44 [INFO] [trace_371] Quality score: 0.68
2026-04-23 14:36:44 [INFO] [trace_371] Error class: timeout_stall
2026-04-23 14:36:44 [INFO] [trace_372] Quality score: 0.77
2026-04-23 14:36:44 [INFO] [trace_372] Error class: syntax_error
2026-04-23 14:36:45 [INFO] [trace_373] Quality score: 0.60
2026-04-23 14:36:45 [INFO] [trace_374] Quality score: 0.76
2026-04-23 14:36:45 [INFO] [trace_374] Error class: syntax_error
2026-04-23 14:36:46 [INFO] [trace_375] Quality score: 0.70
2026-04-23 14:36:47 [INFO] [trace_376] Quality score: 0.77
2026-04-23 14:36:47 [INFO] [trace_376] Error class: timeout_stall
2026-04-23 14:36:47 [INFO] [trace_377] Quality score: 0.76
2026-04-23 14:36:47 [INFO] [trace_377] Error class: syntax_error
2026-04-23 14:36:48 [INFO] [trace_378] Quality score: 0.70
2026-04-23 14:36:48 [INFO] [trace_378] Error class: syntax_error
2026-04-23 14:36:48 [INFO] [trace_379] Quality score: 0.45
2026-04-23 14:36:48 [INFO] [trace_380] Quality score: 0.70
2026-04-23 14:36:48 [INFO] [trace_380] Error class: syntax_error
2026-04-23 14:36:49 [INFO] [trace_381] Quality score: 0.50
2026-04-23 14:36:49 [INFO] [trace_382] Quality score: 0.71
2026-04-23 14:36:49 [INFO] [trace_382] Error class: syntax_error
2026-04-23 14:36:49 [INFO] [trace_383] Quality score: 0.71
2026-04-23 14:36:49 [INFO] [trace_383] Error class: syntax_error
2026-04-23 14:36:50 [INFO] [trace_384] Quality score: 0.70
2026-04-23 14:36:50 [INFO] [trace_384] Error class: syntax_error
2026-04-23 14:36:50 [INFO] [trace_385] Quality score: 0.69
2026-04-23 14:36:50 [INFO] [trace_385] Error class: syntax_error
2026-04-23 14:36:50 [INFO] [trace_386] Quality score: 0.72
2026-04-23 14:36:50 [INFO] [trace_386] Error class: syntax_error
2026-04-23 14:36:51 [INFO] [trace_387] Quality score: 0.71
2026-04-23 14:36:51 [INFO] [trace_387] Error class: tool_failure
2026-04-23 14:36:52 [INFO] [trace_388] Quality score: 0.72
2026-04-23 14:36:52 [INFO] [trace_388] Error class: syntax_error
2026-04-23 14:36:52 [INFO] [trace_389] Quality score: 0.68
2026-04-23 14:36:53 [INFO] [trace_390] Quality score: 0.44
2026-04-23 14:36:53 [INFO] [trace_391] Quality score: 0.44
2026-04-23 14:36:53 [INFO] [trace_392] Quality score: 0.45
2026-04-23 14:36:53 [INFO] [trace_393] Quality score: 0.63
2026-04-23 14:36:53 [INFO] [trace_394] Quality score: 0.44
2026-04-23 14:36:54 [INFO] [trace_395] Quality score: 0.45
2026-04-23 14:36:54 [INFO] [trace_396] Quality score: 0.70
2026-04-23 14:36:54 [INFO] [trace_396] Error class: syntax_error
2026-04-23 14:36:54 [INFO] [trace_397] Quality score: 0.44
2026-04-23 14:36:55 [INFO] [trace_398] Quality score: 0.71
2026-04-23 14:36:55 [INFO] [trace_398] Error class: syntax_error
2026-04-23 14:36:56 [INFO] [trace_399] Quality score: 0.73
2026-04-23 14:36:56 [INFO] [trace_399] Error class: reasoning_error
2026-04-23 14:36:57 [INFO] [trace_400] Quality score: 0.70
2026-04-23 14:36:57 [INFO] [trace_400] Error class: syntax_error
2026-04-23 14:36:58 [INFO] [trace_401] Quality score: 0.71
2026-04-23 14:36:58 [INFO] [trace_401] Error class: syntax_error
2026-04-23 14:36:58 [INFO] [trace_402] Quality score: 0.71
2026-04-23 14:36:58 [INFO] [trace_402] Error class: syntax_error
2026-04-23 14:36:59 [INFO] [trace_403] Quality score: 0.70
2026-04-23 14:36:59 [INFO] [trace_403] Error class: syntax_error
2026-04-23 14:36:59 [INFO] [trace_404] Quality score: 0.71
2026-04-23 14:36:59 [INFO] [trace_404] Error class: syntax_error
2026-04-23 14:37:00 [INFO] [trace_405] Quality score: 0.65
2026-04-23 14:37:00 [INFO] [trace_405] Error class: reasoning_error
2026-04-23 14:37:00 [INFO] [trace_406] Quality score: 0.70
2026-04-23 14:37:00 [INFO] [trace_406] Error class: syntax_error
2026-04-23 14:37:01 [INFO] [trace_407] Quality score: 0.76
2026-04-23 14:37:01 [INFO] [trace_407] Error class: timeout_stall
2026-04-23 14:37:02 [INFO] [trace_408] Quality score: 0.61
2026-04-23 14:37:02 [INFO] [trace_408] Error class: timeout_stall
2026-04-23 14:37:02 [INFO] [trace_409] Quality score: 0.71
2026-04-23 14:37:02 [INFO] [trace_409] Error class: syntax_error
2026-04-23 14:37:03 [INFO] [trace_410] Quality score: 0.71
2026-04-23 14:37:03 [INFO] [trace_410] Error class: reasoning_error
2026-04-23 14:37:03 [INFO] [trace_411] Quality score: 0.72
2026-04-23 14:37:03 [INFO] [trace_411] Error class: syntax_error
2026-04-23 14:37:04 [INFO] [trace_412] Quality score: 0.70
2026-04-23 14:37:04 [INFO] [trace_412] Error class: reasoning_error
2026-04-23 14:37:05 [INFO] [trace_413] Quality score: 0.77
2026-04-23 14:37:05 [INFO] [trace_413] Error class: reasoning_error
2026-04-23 14:37:06 [INFO] [trace_414] Quality score: 0.71
2026-04-23 14:37:06 [INFO] [trace_414] Error class: reasoning_error
2026-04-23 14:37:06 [INFO] [trace_415] Quality score: 0.71
2026-04-23 14:37:06 [INFO] [trace_415] Error class: reasoning_error
2026-04-23 14:37:07 [INFO] [trace_416] Quality score: 0.71
2026-04-23 14:37:07 [INFO] [trace_416] Error class: syntax_error
2026-04-23 14:37:07 [INFO] [trace_417] Quality score: 0.68
2026-04-23 14:37:07 [INFO] [trace_418] Quality score: 0.45
2026-04-23 14:37:08 [INFO] [trace_419] Quality score: 0.65
2026-04-23 14:37:08 [INFO] [trace_420] Quality score: 0.76
2026-04-23 14:37:08 [INFO] [trace_420] Error class: syntax_error
2026-04-23 14:37:09 [INFO] [trace_421] Quality score: 0.48
2026-04-23 14:37:09 [INFO] [trace_422] Quality score: 0.49
2026-04-23 14:37:09 [INFO] [trace_423] Quality score: 0.69
2026-04-23 14:37:09 [INFO] [trace_423] Error class: timeout_stall
2026-04-23 14:37:10 [INFO] [trace_424] Quality score: 0.49
2026-04-23 14:37:10 [INFO] [trace_425] Quality score: 0.70
2026-04-23 14:37:10 [INFO] [trace_425] Error class: timeout_stall
2026-04-23 14:37:11 [INFO] [trace_426] Quality score: 0.70
2026-04-23 14:37:11 [INFO] [trace_426] Error class: timeout_stall
2026-04-23 14:37:11 [INFO] [trace_427] Quality score: 0.73
2026-04-23 14:37:11 [INFO] [trace_427] Error class: tool_failure
2026-04-23 14:37:13 [INFO] [trace_428] Quality score: 0.44
2026-04-23 14:37:13 [INFO] [trace_429] Quality score: 0.72
2026-04-23 14:37:13 [INFO] [trace_429] Error class: syntax_error
2026-04-23 14:37:14 [INFO] [trace_430] Quality score: 0.70
2026-04-23 14:37:14 [INFO] [trace_430] Error class: syntax_error
2026-04-23 14:37:15 [INFO] [trace_431] Quality score: 0.51
2026-04-23 14:37:15 [INFO] [trace_431] Error class: timeout_stall
2026-04-23 14:37:15 [INFO] [trace_432] Quality score: 0.71
2026-04-23 14:37:15 [INFO] [trace_432] Error class: syntax_error
2026-04-23 14:37:16 [INFO] [trace_433] Quality score: 0.46
2026-04-23 14:37:16 [INFO] [trace_434] Quality score: 0.59
2026-04-23 14:37:16 [INFO] [trace_434] Error class: timeout_stall
2026-04-23 14:37:16 [INFO] [trace_435] Quality score: 0.42
2026-04-23 14:37:17 [INFO] [trace_436] Quality score: 0.71
2026-04-23 14:37:17 [INFO] [trace_436] Error class: syntax_error
2026-04-23 14:37:17 [INFO] [trace_437] Quality score: 0.66
2026-04-23 14:37:17 [INFO] [trace_438] Quality score: 0.49
2026-04-23 14:37:17 [INFO] [trace_439] Quality score: 0.45
2026-04-23 14:37:18 [INFO] [trace_440] Quality score: 0.70
2026-04-23 14:37:18 [INFO] [trace_441] Quality score: 0.71
2026-04-23 14:37:18 [INFO] [trace_441] Error class: timeout_stall
2026-04-23 14:37:19 [INFO] [trace_442] Quality score: 0.70
2026-04-23 14:37:19 [INFO] [trace_442] Error class: syntax_error
2026-04-23 14:37:19 [INFO] [trace_443] Quality score: 0.70
2026-04-23 14:37:19 [INFO] [trace_443] Error class: syntax_error
2026-04-23 14:37:19 [INFO] [trace_444] Quality score: 0.71
2026-04-23 14:37:19 [INFO] [trace_444] Error class: syntax_error
2026-04-23 14:37:20 [INFO] [trace_445] Quality score: 0.70
2026-04-23 14:37:20 [INFO] [trace_445] Error class: syntax_error
2026-04-23 14:37:21 [INFO] [trace_446] Quality score: 0.70
2026-04-23 14:37:21 [INFO] [trace_446] Error class: timeout_stall
2026-04-23 14:37:21 [INFO] [trace_447] Quality score: 0.70
2026-04-23 14:37:21 [INFO] [trace_447] Error class: syntax_error
2026-04-23 14:37:22 [INFO] [trace_448] Quality score: 0.70
2026-04-23 14:37:22 [INFO] [trace_448] Error class: syntax_error
2026-04-23 14:37:22 [INFO] [trace_449] Quality score: 0.70
2026-04-23 14:37:22 [INFO] [trace_449] Error class: syntax_error
2026-04-23 14:37:23 [INFO] [trace_450] Quality score: 0.70
2026-04-23 14:37:23 [INFO] [trace_450] Error class: syntax_error
2026-04-23 14:37:24 [INFO] [trace_451] Quality score: 0.72
2026-04-23 14:37:24 [INFO] [trace_451] Error class: syntax_error
2026-04-23 14:37:26 [INFO] [trace_452] Quality score: 0.45
2026-04-23 14:37:26 [INFO] [trace_453] Quality score: 0.71
2026-04-23 14:37:26 [INFO] [trace_453] Error class: syntax_error
2026-04-23 14:37:26 [INFO] [trace_454] Quality score: 0.70
2026-04-23 14:37:26 [INFO] [trace_454] Error class: syntax_error
2026-04-23 14:37:27 [INFO] [trace_455] Quality score: 0.70
2026-04-23 14:37:27 [INFO] [trace_456] Quality score: 0.72
2026-04-23 14:37:27 [INFO] [trace_456] Error class: reasoning_error
2026-04-23 14:37:28 [INFO] [trace_457] Quality score: 0.44
2026-04-23 14:37:29 [INFO] [trace_458] Quality score: 0.70
2026-04-23 14:37:29 [INFO] [trace_458] Error class: reasoning_error
2026-04-23 14:37:29 [INFO] [trace_459] Quality score: 0.71
2026-04-23 14:37:29 [INFO] [trace_459] Error class: timeout_stall
2026-04-23 14:37:30 [INFO] [trace_460] Quality score: 0.71
2026-04-23 14:37:30 [INFO] [trace_460] Error class: timeout_stall
2026-04-23 14:37:30 [INFO] [trace_461] Quality score: 0.70
2026-04-23 14:37:30 [INFO] [trace_461] Error class: syntax_error
2026-04-23 14:37:31 [INFO] [trace_462] Quality score: 0.70
2026-04-23 14:37:31 [INFO] [trace_462] Error class: syntax_error
2026-04-23 14:37:31 [INFO] [trace_463] Quality score: 0.71
2026-04-23 14:37:31 [INFO] [trace_463] Error class: syntax_error
2026-04-23 14:37:32 [INFO] [trace_464] Quality score: 0.70
2026-04-23 14:37:32 [INFO] [trace_464] Error class: timeout_stall
2026-04-23 14:37:33 [INFO] [trace_465] Quality score: 0.70
2026-04-23 14:37:33 [INFO] [trace_465] Error class: timeout_stall
2026-04-23 14:37:34 [INFO] [trace_466] Quality score: 0.53
2026-04-23 14:37:34 [INFO] [trace_467] Quality score: 0.63
2026-04-23 14:37:34 [INFO] [trace_468] Quality score: 0.70
2026-04-23 14:37:34 [INFO] [trace_468] Error class: syntax_error
2026-04-23 14:37:35 [INFO] [trace_469] Quality score: 0.72
2026-04-23 14:37:35 [INFO] [trace_469] Error class: syntax_error
2026-04-23 14:37:37 [INFO] [trace_470] Quality score: 0.55
2026-04-23 14:37:37 [INFO] [trace_471] Quality score: 0.81
2026-04-23 14:37:37 [INFO] [trace_472] Quality score: 0.67
2026-04-23 14:37:38 [INFO] [trace_473] Quality score: 0.81
2026-04-23 14:37:38 [INFO] [trace_473] Error class: reasoning_error
2026-04-23 14:37:38 [INFO] [trace_474] Quality score: 0.75
2026-04-23 14:37:38 [INFO] [trace_474] Error class: syntax_error
2026-04-23 14:37:39 [INFO] [trace_475] Quality score: 0.71
2026-04-23 14:37:39 [INFO] [trace_475] Error class: syntax_error
2026-04-23 14:37:39 [INFO] [trace_476] Quality score: 0.71
2026-04-23 14:37:39 [INFO] [trace_476] Error class: syntax_error
2026-04-23 14:37:40 [INFO] [trace_477] Quality score: 0.71
2026-04-23 14:37:40 [INFO] [trace_477] Error class: syntax_error
2026-04-23 14:37:41 [INFO] [trace_478] Quality score: 0.70
2026-04-23 14:37:41 [INFO] [trace_478] Error class: syntax_error
2026-04-23 14:37:42 [INFO] [trace_479] Quality score: 0.71
2026-04-23 14:37:42 [INFO] [trace_479] Error class: syntax_error
2026-04-23 14:37:43 [INFO] [trace_480] Quality score: 0.70
2026-04-23 14:37:43 [INFO] [trace_480] Error class: syntax_error
2026-04-23 14:37:44 [INFO] [trace_481] Quality score: 0.67
2026-04-23 14:37:44 [INFO] [trace_482] Quality score: 0.70
2026-04-23 14:37:44 [INFO] [trace_482] Error class: reasoning_error
2026-04-23 14:37:45 [INFO] [trace_483] Quality score: 0.56
2026-04-23 14:37:45 [INFO] [trace_484] Quality score: 0.76
2026-04-23 14:37:46 [INFO] [trace_485] Quality score: 0.76
2026-04-23 14:37:46 [INFO] [trace_485] Error class: timeout_stall
2026-04-23 14:37:47 [INFO] [trace_486] Quality score: 0.44
2026-04-23 14:37:47 [INFO] [trace_487] Quality score: 0.44
2026-04-23 14:37:47 [INFO] [trace_488] Quality score: 0.70
2026-04-23 14:37:47 [INFO] [trace_488] Error class: syntax_error
2026-04-23 14:37:48 [INFO] [trace_489] Quality score: 0.70
2026-04-23 14:37:48 [INFO] [trace_489] Error class: tool_failure
2026-04-23 14:37:48 [INFO] [trace_490] Quality score: 0.60
2026-04-23 14:37:49 [INFO] [trace_491] Quality score: 0.70
2026-04-23 14:37:49 [INFO] [trace_491] Error class: timeout_stall
2026-04-23 14:37:50 [INFO] [trace_492] Quality score: 0.69
2026-04-23 14:37:50 [INFO] [trace_492] Error class: syntax_error
2026-04-23 14:37:50 [INFO] [trace_493] Quality score: 0.73
2026-04-23 14:37:50 [INFO] [trace_493] Error class: timeout_stall
2026-04-23 14:37:51 [INFO] [trace_494] Quality score: 0.70
2026-04-23 14:37:51 [INFO] [trace_494] Error class: syntax_error
2026-04-23 14:37:51 [INFO] [trace_495] Quality score: 0.70
2026-04-23 14:37:51 [INFO] [trace_495] Error class: syntax_error
2026-04-23 14:37:52 [INFO] [trace_496] Quality score: 0.70
2026-04-23 14:37:52 [INFO] [trace_496] Error class: timeout_stall
2026-04-23 14:37:52 [INFO] [trace_497] Quality score: 0.70
2026-04-23 14:37:52 [INFO] [trace_497] Error class: timeout_stall
2026-04-23 14:37:53 [INFO] [trace_498] Quality score: 0.71
2026-04-23 14:37:53 [INFO] [trace_498] Error class: syntax_error
2026-04-23 14:37:54 [INFO] [trace_499] Quality score: 0.69
2026-04-23 14:37:54 [INFO] [trace_499] Error class: syntax_error
2026-04-23 14:37:54 [INFO] [trace_500] Quality score: 0.71
2026-04-23 14:37:54 [INFO] [trace_500] Error class: syntax_error
2026-04-23 14:37:55 [INFO] [trace_501] Quality score: 0.71
2026-04-23 14:37:55 [INFO] [trace_501] Error class: syntax_error
2026-04-23 14:37:56 [INFO] [trace_502] Quality score: 0.73
2026-04-23 14:37:56 [INFO] [trace_502] Error class: syntax_error
2026-04-23 14:37:56 [INFO] [trace_503] Quality score: 0.71
2026-04-23 14:37:56 [INFO] [trace_503] Error class: syntax_error
2026-04-23 14:37:57 [INFO] [trace_504] Quality score: 0.71
2026-04-23 14:37:57 [INFO] [trace_504] Error class: syntax_error
2026-04-23 14:37:58 [INFO] [trace_505] Quality score: 0.71
2026-04-23 14:37:58 [INFO] [trace_505] Error class: syntax_error
2026-04-23 14:37:59 [INFO] [trace_506] Quality score: 0.61
2026-04-23 14:37:59 [INFO] [trace_506] Error class: timeout_stall
2026-04-23 14:37:59 [INFO] [trace_507] Quality score: 0.71
2026-04-23 14:37:59 [INFO] [trace_507] Error class: tool_failure
2026-04-23 14:38:00 [INFO] [trace_508] Quality score: 0.71
2026-04-23 14:38:00 [INFO] [trace_508] Error class: syntax_error
2026-04-23 14:38:00 [INFO] [trace_509] Quality score: 0.59
2026-04-23 14:38:00 [INFO] [trace_509] Error class: timeout_stall
2026-04-23 14:38:01 [INFO] [trace_510] Quality score: 0.71
2026-04-23 14:38:01 [INFO] [trace_510] Error class: syntax_error
2026-04-23 14:38:02 [INFO] [trace_511] Quality score: 0.72
2026-04-23 14:38:02 [INFO] [trace_511] Error class: syntax_error
2026-04-23 14:38:04 [INFO] [trace_512] Quality score: 0.70
2026-04-23 14:38:04 [INFO] [trace_512] Error class: syntax_error
2026-04-23 14:38:04 [INFO] [trace_513] Quality score: 0.72
2026-04-23 14:38:04 [INFO] [trace_513] Error class: syntax_error
2026-04-23 14:38:06 [INFO] [trace_514] Quality score: 0.71
2026-04-23 14:38:06 [INFO] [trace_514] Error class: syntax_error
2026-04-23 14:38:08 [INFO] [trace_515] Quality score: 0.70
2026-04-23 14:38:08 [INFO] [trace_515] Error class: syntax_error
2026-04-23 14:38:09 [INFO] [trace_516] Quality score: 0.71
2026-04-23 14:38:09 [INFO] [trace_516] Error class: syntax_error
2026-04-23 14:38:10 [INFO] [trace_517] Quality score: 0.51
2026-04-23 14:38:10 [INFO] [trace_517] Error class: timeout_stall
2026-04-23 14:38:10 [INFO] [trace_518] Quality score: 0.70
2026-04-23 14:38:10 [INFO] [trace_518] Error class: reasoning_error
2026-04-23 14:38:10 [INFO] [trace_519] Quality score: 0.76
2026-04-23 14:38:11 [INFO] [trace_519] Error class: syntax_error
2026-04-23 14:38:11 [INFO] [trace_520] Quality score: 0.66
2026-04-23 14:38:11 [INFO] [trace_520] Error class: timeout_stall
2026-04-23 14:38:12 [INFO] [trace_521] Quality score: 0.71
2026-04-23 14:38:12 [INFO] [trace_521] Error class: reasoning_error
2026-04-23 14:38:13 [INFO] [trace_522] Quality score: 0.53
2026-04-23 14:38:13 [INFO] [trace_523] Quality score: 0.48
2026-04-23 14:38:13 [INFO] [trace_524] Quality score: 0.45
2026-04-23 14:38:14 [INFO] [trace_525] Quality score: 0.51
2026-04-23 14:38:14 [INFO] [trace_526] Quality score: 0.70
2026-04-23 14:38:14 [INFO] [trace_526] Error class: timeout_stall
2026-04-23 14:38:14 [INFO] [trace_527] Quality score: 0.41
2026-04-23 14:38:15 [INFO] [trace_528] Quality score: 0.47
2026-04-23 14:38:15 [INFO] [trace_529] Quality score: 0.78
2026-04-23 14:38:15 [INFO] [trace_529] Error class: syntax_error
2026-04-23 14:38:17 [INFO] [trace_530] Quality score: 0.71
2026-04-23 14:38:17 [INFO] [trace_530] Error class: timeout_stall
2026-04-23 14:38:17 [INFO] [trace_531] Quality score: 0.70
2026-04-23 14:38:17 [INFO] [trace_531] Error class: syntax_error
2026-04-23 14:38:18 [INFO] [trace_532] Quality score: 0.70
2026-04-23 14:38:18 [INFO] [trace_532] Error class: syntax_error
2026-04-23 14:38:19 [INFO] [trace_533] Quality score: 0.70
2026-04-23 14:38:19 [INFO] [trace_533] Error class: syntax_error
2026-04-23 14:38:20 [INFO] [trace_534] Quality score: 0.71
2026-04-23 14:38:20 [INFO] [trace_534] Error class: syntax_error
2026-04-23 14:38:20 [INFO] [trace_535] Quality score: 0.60
2026-04-23 14:38:21 [INFO] [trace_536] Quality score: 0.63
2026-04-23 14:38:21 [INFO] [trace_537] Quality score: 0.72
2026-04-23 14:38:22 [INFO] [trace_538] Quality score: 0.70
2026-04-23 14:38:22 [INFO] [trace_538] Error class: syntax_error
2026-04-23 14:38:23 [INFO] [trace_539] Quality score: 0.72
2026-04-23 14:38:23 [INFO] [trace_539] Error class: syntax_error
2026-04-23 14:38:23 [INFO] [trace_540] Quality score: 0.71
2026-04-23 14:38:23 [INFO] [trace_540] Error class: syntax_error
2026-04-23 14:38:24 [INFO] [trace_541] Quality score: 0.70
2026-04-23 14:38:24 [INFO] [trace_541] Error class: syntax_error
2026-04-23 14:38:25 [INFO] [trace_542] Quality score: 0.49
2026-04-23 14:38:25 [INFO] [trace_543] Quality score: 0.44
2026-04-23 14:38:25 [INFO] [trace_544] Quality score: 0.70
2026-04-23 14:38:25 [INFO] [trace_544] Error class: reasoning_error
2026-04-23 14:38:26 [INFO] [trace_545] Quality score: 0.71
2026-04-23 14:38:26 [INFO] [trace_545] Error class: syntax_error
2026-04-23 14:38:27 [INFO] [trace_546] Quality score: 0.70
2026-04-23 14:38:27 [INFO] [trace_546] Error class: syntax_error
2026-04-23 14:38:27 [INFO] [trace_547] Quality score: 0.49
2026-04-23 14:38:28 [INFO] [trace_548] Quality score: 0.50
2026-04-23 14:38:28 [INFO] [trace_549] Quality score: 0.72
2026-04-23 14:38:28 [INFO] [trace_549] Error class: syntax_error
2026-04-23 14:38:30 [INFO] [trace_550] Quality score: 0.44
2026-04-23 14:38:30 [INFO] [trace_551] Quality score: 0.51
2026-04-23 14:38:30 [INFO] [trace_552] Quality score: 0.71
2026-04-23 14:38:30 [INFO] [trace_552] Error class: reasoning_error
2026-04-23 14:38:31 [INFO] [trace_553] Quality score: 0.71
2026-04-23 14:38:31 [INFO] [trace_553] Error class: reasoning_error
2026-04-23 14:38:32 [INFO] [trace_554] Quality score: 0.71
2026-04-23 14:38:32 [INFO] [trace_554] Error class: syntax_error
2026-04-23 14:38:33 [INFO] [trace_555] Quality score: 0.71
2026-04-23 14:38:33 [INFO] [trace_555] Error class: syntax_error
2026-04-23 14:38:34 [INFO] [trace_556] Quality score: 0.70
2026-04-23 14:38:34 [INFO] [trace_556] Error class: syntax_error
2026-04-23 14:38:35 [INFO] [trace_557] Quality score: 0.71
2026-04-23 14:38:35 [INFO] [trace_558] Quality score: 0.71
2026-04-23 14:38:35 [INFO] [trace_558] Error class: syntax_error
2026-04-23 14:38:36 [INFO] [trace_559] Quality score: 0.69
2026-04-23 14:38:36 [INFO] [trace_559] Error class: syntax_error
2026-04-23 14:38:37 [INFO] [trace_560] Quality score: 0.46
2026-04-23 14:38:38 [INFO] [trace_561] Quality score: 0.70
2026-04-23 14:38:38 [INFO] [trace_561] Error class: reasoning_error
2026-04-23 14:38:38 [INFO] [trace_562] Quality score: 0.72
2026-04-23 14:38:38 [INFO] [trace_562] Error class: syntax_error
2026-04-23 14:38:39 [INFO] [trace_563] Quality score: 0.44
2026-04-23 14:38:39 [INFO] [trace_564] Quality score: 0.49
2026-04-23 14:38:40 [INFO] [trace_565] Quality score: 0.44
2026-04-23 14:38:40 [INFO] [trace_566] Quality score: 0.44
2026-04-23 14:38:40 [INFO] [trace_567] Quality score: 0.44
2026-04-23 14:38:41 [INFO] [trace_568] Quality score: 0.45
2026-04-23 14:38:41 [INFO] [trace_569] Quality score: 0.72
2026-04-23 14:38:41 [INFO] [trace_569] Error class: timeout_stall
2026-04-23 14:38:41 [INFO] [trace_570] Quality score: 0.62
2026-04-23 14:38:41 [INFO] [trace_570] Error class: timeout_stall
2026-04-23 14:38:42 [INFO] [trace_571] Quality score: 0.47
2026-04-23 14:38:42 [INFO] [trace_571] Error class: timeout_stall
2026-04-23 14:38:42 [INFO] [trace_572] Quality score: 0.44
2026-04-23 14:38:43 [INFO] [trace_573] Quality score: 0.44
2026-04-23 14:38:43 [INFO] [trace_574] Quality score: 0.71
2026-04-23 14:38:43 [INFO] [trace_574] Error class: syntax_error
2026-04-23 14:38:44 [INFO] [trace_575] Quality score: 0.70
2026-04-23 14:38:44 [INFO] [trace_575] Error class: syntax_error
2026-04-23 14:38:45 [INFO] [trace_576] Quality score: 0.70
2026-04-23 14:38:45 [INFO] [trace_576] Error class: syntax_error
2026-04-23 14:38:46 [INFO] [trace_577] Quality score: 0.70
2026-04-23 14:38:46 [INFO] [trace_577] Error class: timeout_stall
2026-04-23 14:38:46 [INFO] [trace_578] Quality score: 0.72
2026-04-23 14:38:46 [INFO] [trace_578] Error class: syntax_error
2026-04-23 14:38:47 [INFO] [trace_579] Quality score: 0.71
2026-04-23 14:38:47 [INFO] [trace_579] Error class: timeout_stall
2026-04-23 14:38:48 [INFO] [trace_580] Quality score: 0.71
2026-04-23 14:38:48 [INFO] [trace_580] Error class: syntax_error
2026-04-23 14:38:51 [INFO] [trace_581] Quality score: 0.70
2026-04-23 14:38:51 [INFO] [trace_581] Error class: syntax_error
2026-04-23 14:38:51 [INFO] [trace_582] Quality score: 0.72
2026-04-23 14:38:51 [INFO] [trace_582] Error class: syntax_error
2026-04-23 14:38:56 [INFO] [trace_583] Quality score: 0.69
2026-04-23 14:38:56 [INFO] [trace_583] Error class: syntax_error
2026-04-23 14:38:57 [INFO] [trace_584] Quality score: 0.72
2026-04-23 14:38:57 [INFO] [trace_584] Error class: tool_failure
2026-04-23 14:38:58 [INFO] [trace_585] Quality score: 0.70
2026-04-23 14:38:58 [INFO] [trace_585] Error class: syntax_error
2026-04-23 14:38:59 [INFO] [trace_586] Quality score: 0.71
2026-04-23 14:38:59 [INFO] [trace_586] Error class: tool_failure
2026-04-23 14:39:00 [INFO] [trace_587] Quality score: 0.70
2026-04-23 14:39:00 [INFO] [trace_587] Error class: syntax_error
2026-04-23 14:39:01 [INFO] [trace_588] Quality score: 0.72
2026-04-23 14:39:01 [INFO] [trace_588] Error class: reasoning_error
2026-04-23 14:39:02 [INFO] [trace_589] Quality score: 0.52
2026-04-23 14:39:02 [INFO] [trace_590] Quality score: 0.71
2026-04-23 14:39:02 [INFO] [trace_590] Error class: syntax_error
2026-04-23 14:39:03 [INFO] [trace_591] Quality score: 0.51
2026-04-23 14:39:03 [INFO] [trace_591] Error class: timeout_stall
2026-04-23 14:39:03 [INFO] [trace_592] Quality score: 0.72
2026-04-23 14:39:03 [INFO] [trace_592] Error class: syntax_error
2026-04-23 14:39:04 [INFO] [trace_593] Quality score: 0.47
2026-04-23 14:39:05 [INFO] [trace_594] Quality score: 0.62
2026-04-23 14:39:05 [INFO] [trace_594] Error class: syntax_error
2026-04-23 14:39:05 [INFO] [trace_595] Quality score: 0.74
2026-04-23 14:39:05 [INFO] [trace_595] Error class: syntax_error
2026-04-23 14:39:06 [INFO] [trace_596] Quality score: 0.66
2026-04-23 14:39:06 [INFO] [trace_596] Error class: syntax_error
2026-04-23 14:39:06 [INFO] [trace_597] Quality score: 0.71
2026-04-23 14:39:06 [INFO] [trace_597] Error class: syntax_error
2026-04-23 14:39:07 [INFO] [trace_598] Quality score: 0.45
2026-04-23 14:39:07 [INFO] [trace_599] Quality score: 0.71
2026-04-23 14:39:08 [INFO] [trace_600] Quality score: 0.71
2026-04-23 14:39:08 [INFO] [trace_600] Error class: syntax_error
2026-04-23 14:39:09 [INFO] [trace_601] Quality score: 0.70
2026-04-23 14:39:09 [INFO] [trace_601] Error class: syntax_error
2026-04-23 14:39:10 [INFO] [trace_602] Quality score: 0.50
2026-04-23 14:39:11 [INFO] [trace_603] Quality score: 0.58
2026-04-23 14:39:11 [INFO] [trace_604] Quality score: 0.56
2026-04-23 14:39:11 [INFO] [trace_604] Error class: syntax_error
2026-04-23 14:39:11 [INFO] [trace_605] Quality score: 0.71
2026-04-23 14:39:11 [INFO] [trace_605] Error class: syntax_error
2026-04-23 14:39:13 [INFO] [trace_606] Quality score: 0.71
2026-04-23 14:39:13 [INFO] [trace_606] Error class: syntax_error
2026-04-23 14:39:14 [INFO] [trace_607] Quality score: 0.70
2026-04-23 14:39:14 [INFO] [trace_607] Error class: timeout_stall
2026-04-23 14:39:15 [INFO] [trace_608] Quality score: 0.71
2026-04-23 14:39:15 [INFO] [trace_608] Error class: syntax_error
2026-04-23 14:39:16 [INFO] [trace_609] Quality score: 0.77
2026-04-23 14:39:16 [INFO] [trace_609] Error class: timeout_stall
2026-04-23 14:39:17 [INFO] [trace_610] Quality score: 0.47
2026-04-23 14:39:17 [INFO] [trace_610] Error class: timeout_stall
2026-04-23 14:39:18 [INFO] Output 610 / 611 traces (99.8%); 1 exact duplicates removed
2026-04-23 14:39:18 [INFO] Dataset written to /mnt/c/Users/basbe/Desktop/DeltaSHOT-V2/TALOS-trace-curator/pi-mono-updated
2026-04-23 14:39:18 [INFO] HTTP Request: POST https://huggingface.co/api/repos/create "HTTP/1.1 409 Conflict"
2026-04-23 14:39:18 [INFO] HF dataset repo ready: DJLougen/Talos-pi-mono-badlogicgames
2026-04-23 14:39:18 [INFO] HTTP Request: POST https://huggingface.co/api/datasets/DJLougen/Talos-pi-mono-badlogicgames/preupload/main "HTTP/1.1 200 OK"
2026-04-23 14:39:18 [INFO] HTTP Request: POST https://huggingface.co/datasets/DJLougen/Talos-pi-mono-badlogicgames.git/info/lfs/objects/batch "HTTP/1.1 200 OK"
2026-04-23 14:39:18 [INFO] HTTP Request: GET https://huggingface.co/api/datasets/DJLougen/Talos-pi-mono-badlogicgames/xet-write-token/main "HTTP/1.1 200 OK"
Processing Files (0 / 0)      : |          |  0.00B /  0.00B            
New Data Upload               : |          |  0.00B /  0.00B            [A

  pi-mono-updated/data.jsonl  :  98%|█████████▊| 11.2MB / 11.4MB            [A[A

  pi-mono-updated/data.jsonl  :  98%|█████████▊| 11.2MB / 11.4MB            [A[AProcessing Files (0 / 1)      :  98%|█████████▊| 11.2MB / 11.4MB, 27.9MB/s  
New Data Upload               :  98%|█████████▊| 10.0MB / 10.3MB, 25.1MB/s  [A

  pi-mono-updated/data.jsonl  :  98%|█████████▊| 11.2MB / 11.4MB            [A[A

  pi-mono-updated/data.jsonl  : 100%|██████████| 11.4MB / 11.4MB            [A[AProcessing Files (1 / 1)      : 100%|██████████| 11.4MB / 11.4MB, 14.3MB/s  
New Data Upload               : 100%|██████████| 10.3MB / 10.3MB, 12.8MB/s  [A

  pi-mono-updated/data.jsonl  : 100%|██████████| 11.4MB / 11.4MB            [A[A

  pi-mono-updated/data.jsonl  : 100%|██████████| 11.4MB / 11.4MB            [A[A

  pi-mono-updated/data.jsonl  : 100%|██████████| 11.4MB / 11.4MB            [A[A

  pi-mono-updated/data.jsonl  : 100%|██████████| 11.4MB / 11.4MB            [A[A

  pi-mono-updated/data.jsonl  : 100%|██████████| 11.4MB / 11.4MB            [A[A

  pi-mono-updated/data.jsonl  : 100%|██████████| 11.4MB / 11.4MB            [A[A

  pi-mono-updated/data.jsonl  : 100%|██████████| 11.4MB / 11.4MB            [A[A

  pi-mono-updated/data.jsonl  : 100%|██████████| 11.4MB / 11.4MB            [A[AProcessing Files (1 / 1)      : 100%|██████████| 11.4MB / 11.4MB, 5.18MB/s  
New Data Upload               : 100%|██████████| 10.3MB / 10.3MB, 4.66MB/s  
  pi-mono-updated/data.jsonl  : 100%|██████████| 11.4MB / 11.4MB            
2026-04-23 14:39:21 [INFO] HTTP Request: POST https://huggingface.co/api/datasets/DJLougen/Talos-pi-mono-badlogicgames/commit/main "HTTP/1.1 200 OK"
2026-04-23 14:39:21 [INFO] Uploaded data.jsonl → DJLougen/Talos-pi-mono-badlogicgames
2026-04-23 14:39:21 [INFO] HTTP Request: POST https://huggingface.co/api/datasets/DJLougen/Talos-pi-mono-badlogicgames/preupload/main "HTTP/1.1 200 OK"
2026-04-23 14:39:21 [INFO] HTTP Request: POST https://huggingface.co/datasets/DJLougen/Talos-pi-mono-badlogicgames.git/info/lfs/objects/batch "HTTP/1.1 200 OK"
Processing Files (0 / 0)      : |          |  0.00B /  0.00B            
New Data Upload               : |          |  0.00B /  0.00B            [A

  ...no-updated/sharegpt.jsonl: 100%|█████████▉| 11.1MB / 11.2MB            [A[A

  ...no-updated/sharegpt.jsonl: 100%|█████████▉| 11.1MB / 11.2MB            [A[AProcessing Files (0 / 1)      : 100%|█████████▉| 11.1MB / 11.2MB,   ???B/s  
New Data Upload               : 100%|█████████▉| 9.91MB / 9.94MB,   ???B/s  [A

  ...no-updated/sharegpt.jsonl: 100%|█████████▉| 11.1MB / 11.2MB            [A[A

  ...no-updated/sharegpt.jsonl: 100%|██████████| 11.2MB / 11.2MB            [A[AProcessing Files (1 / 1)      : 100%|██████████| 11.2MB / 11.2MB, 98.6kB/s  
New Data Upload               : 100%|██████████| 9.94MB / 9.94MB, 92.1kB/s  [A

  ...no-updated/sharegpt.jsonl: 100%|██████████| 11.2MB / 11.2MB            [A[A

  ...no-updated/sharegpt.jsonl: 100%|██████████| 11.2MB / 11.2MB            [A[AProcessing Files (1 / 1)      : 100%|██████████| 11.2MB / 11.2MB, 65.8kB/s  
New Data Upload               : 100%|██████████| 9.94MB / 9.94MB, 61.5kB/s  
  ...no-updated/sharegpt.jsonl: 100%|██████████| 11.2MB / 11.2MB            
2026-04-23 14:39:22 [INFO] HTTP Request: POST https://huggingface.co/api/datasets/DJLougen/Talos-pi-mono-badlogicgames/commit/main "HTTP/1.1 200 OK"
2026-04-23 14:39:22 [INFO] Uploaded sharegpt.jsonl → DJLougen/Talos-pi-mono-badlogicgames
2026-04-23 14:39:22 [INFO] HTTP Request: POST https://huggingface.co/api/datasets/DJLougen/Talos-pi-mono-badlogicgames/preupload/main "HTTP/1.1 200 OK"
2026-04-23 14:39:23 [INFO] HTTP Request: POST https://huggingface.co/api/datasets/DJLougen/Talos-pi-mono-badlogicgames/commit/main "HTTP/1.1 200 OK"
2026-04-23 14:39:23 [INFO] Uploaded dataset_card.md → DJLougen/Talos-pi-mono-badlogicgames
2026-04-23 14:39:23 [INFO] Dataset live at https://huggingface.co/datasets/DJLougen/Talos-pi-mono-badlogicgames
